  LLM Launcher
  ╭─────────────────────────────────────────────────────────────────────────────────────────────╮
  │ Model ID                     Runtime ▲   Size      Path                       File Name     │
  │ qwen3-8b-q4                  llama.cpp   4.5 GiB   ~/models                   qwen3-8b-q4.g │
  │ llama3.2:latest              ollama      1.9 GiB   ollama://llama3.2:latest   llama3.2:late │
  │                                                                                             │
  │                                                                                             │
  │                                                                                             │
  │                                                                                             │
  │                                                                                             │
  │                                                                                             │
  │                                                                                             │
  │                                                                                             │
  │                                                                                             │
  │                                                                                             │
  │                                                                                             │
  │                                                                                             │
  │                                                                                             │
  ╰─────────────────────────────────────────────────────────────────────────────────────────────╯
    ░░░░░░░░░░░░░░░░░░░░░░░░░░░░░░░░░░░░░░░░░░░░░░░░░░░░░░░░░░░░░░░░░░░░░░░░░░░░░░░░░░░░░░░░░░░

  Launch Command · default
  ╭────────────────────────────────────────────────────────────────────────────────────────────╮░
  │ '/opt/llama/bin/llama-server' \                                                            │░
  │   --model '/home/u/models/qwen3-8b-q4.gguf' \                                              │░
  │   --alias 'qwen3-8b-q4.gguf' \                                                             │░
  │   --host 127.0.0.1 \                                                                       │░
  ╰────────────────────────────────────────────────────────────────────────────────────────────╯░

  tab: section · hjkl/↑↓←→: nav · R: run (split) · p: Parameter Profiles · I: import · a: alerts · ?: more