  LLM Launcher
  ╭─────────────────────────────────────────────────────────────────────────────────────────────╮
  │ Model ID                     Runtime ▲   Size      Path                       File Name     │
  │ qwen3-8b-q4                  llama.cpp   4.5 GiB   ~/models                   qwen3-8b-q4.g │
  │ llama3.2:latest              ollama      1.9 GiB   ollama://llama3.2:latest   llama3.2:late │
  │╭────────────────────────────────────────────────────────────────────────────────────────────╮
  ││                                                                                            │
  ││  Runtime Environment                                                                       │
  ││                                                                                            │
  ││  GGUF                    oMLX · running                                                    │
  ││     ○ Llama.cpp                                                                            │
  ││     ✗ KoboldCpp            Path  > omlx CLI or ~/.omlx                                     │
  ││  Safetensors               in use: /Users/u/.omlx/bin/omlx (detected)                      │
  ││     ○ vLLM                                                                                 │
  ││   › ● oMLX                 Port  > 8000                                                    │
  ││  Splash bundle             in use: 8000 (default)                                          │
  ││     ○ Splash                                                                               │
  ││  Ollama library            Host  > 127.0.0.1                                               │
  ╰│     ○ Ollama               in use: 127.0.0.1 (default)                                     │
   │                                                                                            │
   │  ● running  ○ found  ✗ not found                                                           │
  L│  Saved to config.toml. Environment variables win over saved values.                        │
  ╭│  ↑/↓: runtime · tab/→: fields · enter: save · esc: back                                    │
  ││                                                                                            │
  │╰────────────────────────────────────────────────────────────────────────────────────────────╯
  │   --alias 'qwen3-8b-q4.gguf' \                                                             │░
  │   --host 127.0.0.1 \                                                                       │░
  ╰────────────────────────────────────────────────────────────────────────────────────────────╯░

  tab: section · hjkl/↑↓←→: nav · R: run (split) · p: Parameter Profiles · I: import · a: alerts · ?