  L╭────────────────────────────────────────────────────────────────────────────────────────────╮
  ╭│                                                                                            │
  ││  Runtime Environment                                                                       │
  ││                                                                                            │
  ││                                                                                            │
  ││  Active Configuration                                                                      │
  ││  koboldcpp path    —                                                                       │
  ││  koboldcpp port    5001                                                                    │
  ││  llama-server path /opt/llama/bin/llama-server                                             │
  ││  llama.cpp host    127.0.0.1                                                               │
  ││  llama.cpp port    8080                                                                    │
  ││  ninfer host       127.0.0.1                                                               │
  ││  ninfer path       /opt/ninfer/build/apps/ninfer-serve                                     │
  ││  ninfer port       18080                                                                   │
  ││  ollama host       127.0.0.1:11434                                                         │
  ││  ollama path       /usr/local/bin/ollama                                                   │
  ││  vllm host         127.0.0.1                                                               │
  ││  vllm path         /opt/vllm/bin/vllm                                                      │
  ╰│  vllm port         8000                                                                    │
   │  vllm venv path    —                                                                       │
   │                                                                                            │
  L│                                                                                            │
  ╭│  Overrides                                                                                 │
  ││  Overrides saved to config.toml. Shell environment variables take precedence.              │
  ││                                                                                            │
  ││  Llama.cpp                                    vLLM                                         │
  ││                                                                                            │
  ╰│  › Path (llama-cli / llama-server)              Path (vllm binary)                         │
   │  > /opt/llama/bin                             >                                            │
  t│                                                                                            │· ?