  LLM Launcher
  ╭─────────────────────────────────────────────────────────────────────────────────────────────╮
  │ Model ID                     Runtime ▲   Size      Path                       File Name     │
  │╭────────────────────────────────────────────────────────────────────────────────────────────╮
  ││                                                                                            │
  ││  Runtime Environment                                                                       │
  ││                                                                                            │
  ││  GGUF                    KoboldCpp · Off                                                   │
  ││     [✓] Llama.cpp ○                                                                        │
  ││   › [ ] KoboldCpp off      Path  > koboldcpp binary or its dir                             │
  ││  Safetensors               in use: not found (default)                                     │
  ││     [✓] vLLM      ○                                                                        │
  ││  NInfer (.ninfer)          Port  > 5001                                                    │
  ││     [✓] NInfer    ○        in use: 5001 (default)                                          │
  ││  Ollama library                                                                            │
  ││     [✓] Ollama    ○                                                                        │
  ││                                                                                            │
  ││                                                                                            │
  ╰│                                                                                            │
   │                                                                                            │
   │                                                                                            │
  L│                                                                                            │
  ╭│  ● running  ○ found  ✗ not found                                                           │
  ││  Saved to config.toml. Environment variables win over saved values.                        │
  ││  ↑/↓: runtime · space: on/off · tab/→: fields · enter: save · esc: back                    │
  ││                                                                                            │
  │╰────────────────────────────────────────────────────────────────────────────────────────────╯
  ╰────────────────────────────────────────────────────────────────────────────────────────────╯░

  tab: section · hjkl/↑↓←→: nav · R: run (split) · p: Parameter Profiles · I: import · a: alerts · ?