  LLM Launcher
  ╭─────────────────────────────────────────────────────────────────────────────────────────────╮
  │ Model ID                     Runtime ▲   Size      Path                       File Name     │
  │╭────────────────────────────────────────────────────────────────────────────────────────────╮
  ││                                                                                            │
  ││  Runtime Environment                                                                       │
  ││                                                                                            │
  ││  GGUF                    oMLX · running                                                    │
  ││     [✓] Llama.cpp ○                                                                        │
  ││     [✓] KoboldCpp ✗        Path  > omlx CLI or ~/.omlx                                     │
  ││  Safetensors               in use: /Users/u/.omlx/bin/omlx (detected)                      │
  ││     [✓] vLLM      ○                                                                        │
  ││   › [✓] oMLX      ●        Port  > 8000                                                    │
  ││  Splash bundle             in use: 8000 (default)                                          │
  ││     [✓] Splash    ○                                                                        │
  ││  Ollama library            Host  > 127.0.0.1                                               │
  ││     [✓] Ollama    ○        in use: 127.0.0.1 (default)                                     │
  ││                                                                                            │
  ╰│                                                                                            │
   │                                                                                            │
   │                                                                                            │
  L│                                                                                            │
  ╭│  ● running  ○ found  ✗ not found                                                           │
  ││  Saved to config.toml. Environment variables win over saved values.                        │
  ││  ↑/↓: runtime · space: on/off · tab/→: fields · enter: save · esc: back                    │
  ││                                                                                            │
  │╰────────────────────────────────────────────────────────────────────────────────────────────╯
  ╰────────────────────────────────────────────────────────────────────────────────────────────╯░

  tab: section · hjkl/↑↓←→: nav · R: run (split) · p: Parameter Profiles · I: import · a: alerts · ?