  LLM Launcher
  ╭─────────────────────────────────────────────────────────────────────────────────────────────╮
  │ Model ID                     Runtime ▲   Size      Path                       File Name     │
  │╭────────────────────────────────────────────────────────────────────────────────────────────╮
  ││                                                                                            │
  ││  Runtime Environment                                                                       │
  ││                                                                                            │
  ││  GGUF                    mlx-lm · running                                                  │
  ││     [✓] Llama.cpp ○                                                                        │
  ││     [✓] KoboldCpp ✗        Path  > mlx_lm.server or its dir                                │
  ││  Safetensors               in use: ~/.venv/bin/mlx_lm.server (detected)                    │
  ││     [✓] vLLM      ○                                                                        │
  ││   › [✓] mlx-lm    ●        Port  > 8080                                                    │
  ││  NInfer (.ninfer)          in use: 8080 (default)                                          │
  ││     [✓] NInfer    ○                                                                        │
  ││  Ollama library            Host  > 127.0.0.1                                               │
  ││     [✓] Ollama    ○        in use: 127.0.0.1 (default)                                     │
  ││                                                                                            │
  ╰│                                                                                            │
   │                                                                                            │
   │                                                                                            │
  L│                                                                                            │
  ╭│  ● running  ○ found  ✗ not found                                                           │
  ││  Saved to config.toml. Environment variables win over saved values.                        │
  ││  ↑/↓: runtime · space: on/off · tab/→: fields · enter: save · esc: back                    │
  ││                                                                                            │
  │╰────────────────────────────────────────────────────────────────────────────────────────────╯
  ╰────────────────────────────────────────────────────────────────────────────────────────────╯░

  tab: section · hjkl/↑↓←→: nav · R: run (split) · p: Parameter Profiles · I: import · a: alerts · ?